// Jest Snapshot v1, https://goo.gl/fbAQLP

exports[`renders correctly react-test-renderer 1`] = `
<div
  className="checkboxContainer"
  id="box"
>
  <form
    className="checkboxForm"
  >
    <label
      className="checkboxLabel"
    >
      <input
        type="checkbox"
      />
    </label>
  </form>
</div>
`;
