// Jest Snapshot v1, https://goo.gl/fbAQLP

exports[`renders correctly react-test-renderer 1`] = `
<div>
  <div
    className="container"
  >
    <img
      alt="QLens-logo"
      border="0"
      className="logo"
      src="https://i.ibb.co/PYBbKLK/Screen-Shot-2021-02-11-at-10-21-02-AM.png"
    />
    <MongoDBURI
      addCheckmark={[Function]}
      geturi={[Function]}
      schemaData={Object {}}
      sendSchemas={[Function]}
      submitbtn={[Function]}
      uriData=""
    />
    <PlaygroundButton />
  </div>
  <div
    className="grid-container"
  >
    <DropDownMenu
      addCheckmark={[Function]}
      schemaData={Object {}}
      sendSchemas={[Function]}
      uriData=""
    />
    <MongoSchemaIDE
      graphQLSchema={Object {}}
      selectedSchemaData={Array []}
    />
  </div>
</div>
`;
