// Jest Snapshot v1, https://goo.gl/fbAQLP

exports[`renders correctly react-test-renderer 1`] = `
<div
  className="dropDown"
>
  <div />
  <div
    className="addSchemaBtn"
  >
    <button
      className="AddSelectedSchemasButton"
    >
      <span>
        Add Selected Schemas
      </span>
    </button>
  </div>
</div>
`;
