// Jest Snapshot v1, https://goo.gl/fbAQLP

exports[`renders correctly react-test-renderer 1`] = `
<div
  className="formContainer"
>
  <div
    className="formClass"
  >
    <form
      className="form__group field"
    >
      <input
        className="form__field"
        data-testId="MongoURIInputButton"
        id="name"
        placeholder=" Input Your MongoDB URI"
        type="input"
      />
      <label
        className="form__label"
        for="name"
      >
         MongoDB URI 
      </label>
      <input
        className="URISubmitButton"
        style={
          Object {
            "display": "none",
          }
        }
        type="submit"
        value="Submit"
      />
    </form>
  </div>
</div>
`;
